// Jest Snapshot v1, https://goo.gl/fbAQLP

exports[`Sorting component should be render correctly 1`] = `ShallowWrapper {}`;
