// Jest Snapshot v1, https://goo.gl/fbAQLP

exports[`SearchParameters component should be render correctly 1`] = `ReactWrapper {}`;
