// Jest Snapshot v1, https://goo.gl/fbAQLP

exports[`Movie component should be render correctly 1`] = `ReactWrapper {}`;

exports[`Movie component should be render correctly with childs 1`] = `ReactWrapper {}`;
