// Jest Snapshot v1, https://goo.gl/fbAQLP

exports[`Error Boundary component should be render correctly 1`] = `ShallowWrapper {}`;
